[ Tin "?xml" 
, Tattr "version" "1.0" 
, Tattr "encoding" "UTF-8" 
, TinC "?xml" 
, Ttext "" 
, Tin "CATALOG" 
, TinC "CATALOG" 
, Ttext "
        " 
, Tin "PLANT" 
, TinC "PLANT" 
, Ttext "
          " 
, Tin "COMMON" 
, TinC "COMMON" 
, Ttext "Bloodroot" 
, Tout "COMMON" 
, Ttext "
          " 
, Tin "BOTANICAL" 
, TinC "BOTANICAL" 
, Ttext "Sanguinaria canadensis" 
, Tout "BOTANICAL" 
, Ttext "
          " 
, Tin "ZONE" 
, TinC "ZONE" 
, Ttext "4" 
, Tout "ZONE" 
, Ttext "
          " 
, Tin "LIGHT" 
, TinC "LIGHT" 
, Ttext "Mostly Shady" 
, Tout "LIGHT" 
, Ttext "
          " 
, Tin "PRICE" 
, TinC "PRICE" 
, Ttext "$2.44" 
, Tout "PRICE" 
, Ttext "
          " 
, Tin "AVAILABILITY" 
, TinC "AVAILABILITY" 
, Ttext "031599" 
, Tout "AVAILABILITY" 
, Ttext "
        " 
, Tout "PLANT" 
, Ttext "
        " 
, Tin "PLANT" 
, TinC "PLANT" 
, Ttext "
          " 
, Tin "COMMON" 
, TinC "COMMON" 
, Ttext "Columbine" 
, Tout "COMMON" 
, Ttext "
          " 
, Tin "BOTANICAL" 
, TinC "BOTANICAL" 
, Ttext "Aquilegia canadensis" 
, Tout "BOTANICAL" 
, Ttext "
          " 
, Tin "ZONE" 
, TinC "ZONE" 
, Ttext "3" 
, Tout "ZONE" 
, Ttext "
          " 
, Tin "LIGHT" 
, TinC "LIGHT" 
, Ttext "Mostly Shady" 
, Tout "LIGHT" 
, Ttext "
          " 
, Tin "PRICE" 
, TinC "PRICE" 
, Ttext "$9.37" 
, Tout "PRICE" 
, Ttext "
          " 
, Tin "AVAILABILITY" 
, TinC "AVAILABILITY" 
, Ttext "030699" 
, Tout "AVAILABILITY" 
, Ttext "
        " 
, Tout "PLANT" 
, Ttext "
        " 
, Tin "PLANT" 
, TinC "PLANT" 
, Ttext "
          " 
, Tin "COMMON" 
, TinC "COMMON" 
, Ttext "Marsh Marigold" 
, Tout "COMMON" 
, Ttext "
          " 
, Tin "BOTANICAL" 
, TinC "BOTANICAL" 
, Ttext "Caltha palustris" 
, Tout "BOTANICAL" 
, Ttext "
          " 
, Tin "ZONE" 
, TinC "ZONE" 
, Ttext "4" 
, Tout "ZONE" 
, Ttext "
          " 
, Tin "LIGHT" 
, TinC "LIGHT" 
, Ttext "Mostly Sunny" 
, Tout "LIGHT" 
, Ttext "
          " 
, Tin "PRICE" 
, TinC "PRICE" 
, Ttext "$6.81" 
, Tout "PRICE" 
, Ttext "
          " 
, Tin "AVAILABILITY" 
, TinC "AVAILABILITY" 
, Ttext "051799" 
, Tout "AVAILABILITY" 
, Ttext "
        " 
, Tout "PLANT" 
, Ttext "
        " 
, Tin "PLANT" 
, TinC "PLANT" 
, Ttext "
          " 
, Tin "COMMON" 
, TinC "COMMON" 
, Ttext "Cowslip" 
, Tout "COMMON" 
, Ttext "
          " 
, Tin "BOTANICAL" 
, TinC "BOTANICAL" 
, Ttext "Caltha palustris" 
, Tout "BOTANICAL" 
, Ttext "
          " 
, Tin "ZONE" 
, TinC "ZONE" 
, Ttext "4" 
, Tout "ZONE" 
, Ttext "
          " 
, Tin "LIGHT" 
, TinC "LIGHT" 
, Ttext "Mostly Shady" 
, Tout "LIGHT" 
, Ttext "
          " 
, Tin "PRICE" 
, TinC "PRICE" 
, Ttext "$9.90" 
, Tout "PRICE" 
, Ttext "
          " 
, Tin "AVAILABILITY" 
, TinC "AVAILABILITY" 
, Ttext "030699" 
, Tout "AVAILABILITY" 
, Ttext "
        " 
, Tout "PLANT" 
, Ttext "
        " 
, Tin "PLANT" 
, TinC "PLANT" 
, Ttext "
          " 
, Tin "COMMON" 
, TinC "COMMON" 
, Ttext "Dutchman's-Breeches" 
, Tout "COMMON" 
, Ttext "
          " 
, Tin "BOTANICAL" 
, TinC "BOTANICAL" 
, Ttext "Dicentra cucullaria" 
, Tout "BOTANICAL" 
, Ttext "
          " 
, Tin "ZONE" 
, TinC "ZONE" 
, Ttext "3" 
, Tout "ZONE" 
, Ttext "
          " 
, Tin "LIGHT" 
, TinC "LIGHT" 
, Ttext "Mostly Shady" 
, Tout "LIGHT" 
, Ttext "
          " 
, Tin "PRICE" 
, TinC "PRICE" 
, Ttext "$6.44" 
, Tout "PRICE" 
, Ttext "
          " 
, Tin "AVAILABILITY" 
, TinC "AVAILABILITY" 
, Ttext "012099" 
, Tout "AVAILABILITY" 
, Ttext "
        " 
, Tout "PLANT" 
, Ttext "
        " 
, Tin "PLANT" 
, TinC "PLANT" 
, Ttext "
          " 
, Tin "COMMON" 
, TinC "COMMON" 
, Ttext "Ginger, Wild" 
, Tout "COMMON" 
, Ttext "
          " 
, Tin "BOTANICAL" 
, TinC "BOTANICAL" 
, Ttext "Asarum canadense" 
, Tout "BOTANICAL" 
, Ttext "
          " 
, Tin "ZONE" 
, TinC "ZONE" 
, Ttext "3" 
, Tout "ZONE" 
, Ttext "
          " 
, Tin "LIGHT" 
, TinC "LIGHT" 
, Ttext "Mostly Shady" 
, Tout "LIGHT" 
, Ttext "
          " 
, Tin "PRICE" 
, TinC "PRICE" 
, Ttext "$9.03" 
, Tout "PRICE" 
, Ttext "
          " 
, Tin "AVAILABILITY" 
, TinC "AVAILABILITY" 
, Ttext "041899" 
, Tout "AVAILABILITY" 
, Ttext "
        " 
, Tout "PLANT" 
, Ttext "
        " 
, Tin "PLANT" 
, TinC "PLANT" 
, Ttext "
          " 
, Tin "COMMON" 
, TinC "COMMON" 
, Ttext "Hepatica" 
, Tout "COMMON" 
, Ttext "
          " 
, Tin "BOTANICAL" 
, TinC "BOTANICAL" 
, Ttext "Hepatica americana" 
, Tout "BOTANICAL" 
, Ttext "
          " 
, Tin "ZONE" 
, TinC "ZONE" 
, Ttext "4" 
, Tout "ZONE" 
, Ttext "
          " 
, Tin "LIGHT" 
, TinC "LIGHT" 
, Ttext "Mostly Shady" 
, Tout "LIGHT" 
, Ttext "
          " 
, Tin "PRICE" 
, TinC "PRICE" 
, Ttext "$4.45" 
, Tout "PRICE" 
, Ttext "
          " 
, Tin "AVAILABILITY" 
, TinC "AVAILABILITY" 
, Ttext "012699" 
, Tout "AVAILABILITY" 
, Ttext "
        " 
, Tout "PLANT" 
, Ttext "
        " 
, Tin "PLANT" 
, TinC "PLANT" 
, Ttext "
          " 
, Tin "COMMON" 
, TinC "COMMON" 
, Ttext "Liverleaf" 
, Tout "COMMON" 
, Ttext "
          " 
, Tin "BOTANICAL" 
, TinC "BOTANICAL" 
, Ttext "Hepatica americana" 
, Tout "BOTANICAL" 
, Ttext "
          " 
, Tin "ZONE" 
, TinC "ZONE" 
, Ttext "4" 
, Tout "ZONE" 
, Ttext "
          " 
, Tin "LIGHT" 
, TinC "LIGHT" 
, Ttext "Mostly Shady" 
, Tout "LIGHT" 
, Ttext "
          " 
, Tin "PRICE" 
, TinC "PRICE" 
, Ttext "$3.99" 
, Tout "PRICE" 
, Ttext "
          " 
, Tin "AVAILABILITY" 
, TinC "AVAILABILITY" 
, Ttext "010299" 
, Tout "AVAILABILITY" 
, Ttext "
        " 
, Tout "PLANT" 
, Ttext "
        " 
, Tin "PLANT" 
, TinC "PLANT" 
, Ttext "
          " 
, Tin "COMMON" 
, TinC "COMMON" 
, Ttext "Jack-In-The-Pulpit" 
, Tout "COMMON" 
, Ttext "
          " 
, Tin "BOTANICAL" 
, TinC "BOTANICAL" 
, Ttext "Arisaema triphyllum" 
, Tout "BOTANICAL" 
, Ttext "
          " 
, Tin "ZONE" 
, TinC "ZONE" 
, Ttext "4" 
, Tout "ZONE" 
, Ttext "
          " 
, Tin "LIGHT" 
, TinC "LIGHT" 
, Ttext "Mostly Shady" 
, Tout "LIGHT" 
, Ttext "
          " 
, Tin "PRICE" 
, TinC "PRICE" 
, Ttext "$3.23" 
, Tout "PRICE" 
, Ttext "
          " 
, Tin "AVAILABILITY" 
, TinC "AVAILABILITY" 
, Ttext "020199" 
, Tout "AVAILABILITY" 
, Ttext "
        " 
, Tout "PLANT" 
, Ttext "
        " 
, Tin "PLANT" 
, TinC "PLANT" 
, Ttext "
          " 
, Tin "COMMON" 
, TinC "COMMON" 
, Ttext "Mayapple" 
, Tout "COMMON" 
, Ttext "
          " 
, Tin "BOTANICAL" 
, TinC "BOTANICAL" 
, Ttext "Podophyllum peltatum" 
, Tout "BOTANICAL" 
, Ttext "
          " 
, Tin "ZONE" 
, TinC "ZONE" 
, Ttext "3" 
, Tout "ZONE" 
, Ttext "
          " 
, Tin "LIGHT" 
, TinC "LIGHT" 
, Ttext "Mostly Shady" 
, Tout "LIGHT" 
, Ttext "
          " 
, Tin "PRICE" 
, TinC "PRICE" 
, Ttext "$2.98" 
, Tout "PRICE" 
, Ttext "
          " 
, Tin "AVAILABILITY" 
, TinC "AVAILABILITY" 
, Ttext "060599" 
, Tout "AVAILABILITY" 
, Ttext "
        " 
, Tout "PLANT" 
, Ttext "
        " 
, Tin "PLANT" 
, TinC "PLANT" 
, Ttext "
          " 
, Tin "COMMON" 
, TinC "COMMON" 
, Ttext "Phlox, Woodland" 
, Tout "COMMON" 
, Ttext "
          " 
, Tin "BOTANICAL" 
, TinC "BOTANICAL" 
, Ttext "Phlox divaricata" 
, Tout "BOTANICAL" 
, Ttext "
          " 
, Tin "ZONE" 
, TinC "ZONE" 
, Ttext "3" 
, Tout "ZONE" 
, Ttext "
          " 
, Tin "LIGHT" 
, TinC "LIGHT" 
, Ttext "Sun or Shade" 
, Tout "LIGHT" 
, Ttext "
          " 
, Tin "PRICE" 
, TinC "PRICE" 
, Ttext "$2.80" 
, Tout "PRICE" 
, Ttext "
          " 
, Tin "AVAILABILITY" 
, TinC "AVAILABILITY" 
, Ttext "012299" 
, Tout "AVAILABILITY" 
, Ttext "
        " 
, Tout "PLANT" 
, Ttext "
        " 
, Tin "PLANT" 
, TinC "PLANT" 
, Ttext "
          " 
, Tin "COMMON" 
, TinC "COMMON" 
, Ttext "Phlox, Blue" 
, Tout "COMMON" 
, Ttext "
          " 
, Tin "BOTANICAL" 
, TinC "BOTANICAL" 
, Ttext "Phlox divaricata" 
, Tout "BOTANICAL" 
, Ttext "
          " 
, Tin "ZONE" 
, TinC "ZONE" 
, Ttext "3" 
, Tout "ZONE" 
, Ttext "
          " 
, Tin "LIGHT" 
, TinC "LIGHT" 
, Ttext "Sun or Shade" 
, Tout "LIGHT" 
, Ttext "
          " 
, Tin "PRICE" 
, TinC "PRICE" 
, Ttext "$5.59" 
, Tout "PRICE" 
, Ttext "
          " 
, Tin "AVAILABILITY" 
, TinC "AVAILABILITY" 
, Ttext "021699" 
, Tout "AVAILABILITY" 
, Ttext "
        " 
, Tout "PLANT" 
, Ttext "
        " 
, Tin "PLANT" 
, TinC "PLANT" 
, Ttext "
          " 
, Tin "COMMON" 
, TinC "COMMON" 
, Ttext "Spring-Beauty" 
, Tout "COMMON" 
, Ttext "
          " 
, Tin "BOTANICAL" 
, TinC "BOTANICAL" 
, Ttext "Claytonia Virginica" 
, Tout "BOTANICAL" 
, Ttext "
          " 
, Tin "ZONE" 
, TinC "ZONE" 
, Ttext "7" 
, Tout "ZONE" 
, Ttext "
          " 
, Tin "LIGHT" 
, TinC "LIGHT" 
, Ttext "Mostly Shady" 
, Tout "LIGHT" 
, Ttext "
          " 
, Tin "PRICE" 
, TinC "PRICE" 
, Ttext "$6.59" 
, Tout "PRICE" 
, Ttext "
          " 
, Tin "AVAILABILITY" 
, TinC "AVAILABILITY" 
, Ttext "020199" 
, Tout "AVAILABILITY" 
, Ttext "
        " 
, Tout "PLANT" 
, Ttext "
        " 
, Tin "PLANT" 
, TinC "PLANT" 
, Ttext "
          " 
, Tin "COMMON" 
, TinC "COMMON" 
, Ttext "Trillium" 
, Tout "COMMON" 
, Ttext "
          " 
, Tin "BOTANICAL" 
, TinC "BOTANICAL" 
, Ttext "Trillium grandiflorum" 
, Tout "BOTANICAL" 
, Ttext "
          " 
, Tin "ZONE" 
, TinC "ZONE" 
, Ttext "5" 
, Tout "ZONE" 
, Ttext "
          " 
, Tin "LIGHT" 
, TinC "LIGHT" 
, Ttext "Sun or Shade" 
, Tout "LIGHT" 
, Ttext "
          " 
, Tin "PRICE" 
, TinC "PRICE" 
, Ttext "$3.90" 
, Tout "PRICE" 
, Ttext "
          " 
, Tin "AVAILABILITY" 
, TinC "AVAILABILITY" 
, Ttext "042999" 
, Tout "AVAILABILITY" 
, Ttext "
        " 
, Tout "PLANT" 
, Ttext "
        " 
, Tin "PLANT" 
, TinC "PLANT" 
, Ttext "
          " 
, Tin "COMMON" 
, TinC "COMMON" 
, Ttext "Wake Robin" 
, Tout "COMMON" 
, Ttext "
          " 
, Tin "BOTANICAL" 
, TinC "BOTANICAL" 
, Ttext "Trillium grandiflorum" 
, Tout "BOTANICAL" 
, Ttext "
          " 
, Tin "ZONE" 
, TinC "ZONE" 
, Ttext "5" 
, Tout "ZONE" 
, Ttext "
          " 
, Tin "LIGHT" 
, TinC "LIGHT" 
, Ttext "Sun or Shade" 
, Tout "LIGHT" 
, Ttext "
          " 
, Tin "PRICE" 
, TinC "PRICE" 
, Ttext "$3.20" 
, Tout "PRICE" 
, Ttext "
          " 
, Tin "AVAILABILITY" 
, TinC "AVAILABILITY" 
, Ttext "022199" 
, Tout "AVAILABILITY" 
, Ttext "
        " 
, Tout "PLANT" 
, Ttext "
        " 
, Tin "PLANT" 
, TinC "PLANT" 
, Ttext "
          " 
, Tin "COMMON" 
, TinC "COMMON" 
, Ttext "Violet, Dog-Tooth" 
, Tout "COMMON" 
, Ttext "
          " 
, Tin "BOTANICAL" 
, TinC "BOTANICAL" 
, Ttext "Erythronium americanum" 
, Tout "BOTANICAL" 
, Ttext "
          " 
, Tin "ZONE" 
, TinC "ZONE" 
, Ttext "4" 
, Tout "ZONE" 
, Ttext "
          " 
, Tin "LIGHT" 
, TinC "LIGHT" 
, Ttext "Shade" 
, Tout "LIGHT" 
, Ttext "
          " 
, Tin "PRICE" 
, TinC "PRICE" 
, Ttext "$9.04" 
, Tout "PRICE" 
, Ttext "
          " 
, Tin "AVAILABILITY" 
, TinC "AVAILABILITY" 
, Ttext "020199" 
, Tout "AVAILABILITY" 
, Ttext "
        " 
, Tout "PLANT" 
, Ttext "
        " 
, Tin "PLANT" 
, TinC "PLANT" 
, Ttext "
          " 
, Tin "COMMON" 
, TinC "COMMON" 
, Ttext "Trout Lily" 
, Tout "COMMON" 
, Ttext "
          " 
, Tin "BOTANICAL" 
, TinC "BOTANICAL" 
, Ttext "Erythronium americanum" 
, Tout "BOTANICAL" 
, Ttext "
          " 
, Tin "ZONE" 
, TinC "ZONE" 
, Ttext "4" 
, Tout "ZONE" 
, Ttext "
          " 
, Tin "LIGHT" 
, TinC "LIGHT" 
, Ttext "Shade" 
, Tout "LIGHT" 
, Ttext "
          " 
, Tin "PRICE" 
, TinC "PRICE" 
, Ttext "$6.94" 
, Tout "PRICE" 
, Ttext "
          " 
, Tin "AVAILABILITY" 
, TinC "AVAILABILITY" 
, Ttext "032499" 
, Tout "AVAILABILITY" 
, Ttext "
        " 
, Tout "PLANT" 
, Ttext "
        " 
, Tin "PLANT" 
, TinC "PLANT" 
, Ttext "
          " 
, Tin "COMMON" 
, TinC "COMMON" 
, Ttext "Adder's-Tongue" 
, Tout "COMMON" 
, Ttext "
          " 
, Tin "BOTANICAL" 
, TinC "BOTANICAL" 
, Ttext "Erythronium americanum" 
, Tout "BOTANICAL" 
, Ttext "
          " 
, Tin "ZONE" 
, TinC "ZONE" 
, Ttext "4" 
, Tout "ZONE" 
, Ttext "
          " 
, Tin "LIGHT" 
, TinC "LIGHT" 
, Ttext "Shade" 
, Tout "LIGHT" 
, Ttext "
          " 
, Tin "PRICE" 
, TinC "PRICE" 
, Ttext "$9.58" 
, Tout "PRICE" 
, Ttext "
          " 
, Tin "AVAILABILITY" 
, TinC "AVAILABILITY" 
, Ttext "041399" 
, Tout "AVAILABILITY" 
, Ttext "
        " 
, Tout "PLANT" 
, Ttext "
        " 
, Tin "PLANT" 
, TinC "PLANT" 
, Ttext "
          " 
, Tin "COMMON" 
, TinC "COMMON" 
, Ttext "Anemone" 
, Tout "COMMON" 
, Ttext "
          " 
, Tin "BOTANICAL" 
, TinC "BOTANICAL" 
, Ttext "Anemone blanda" 
, Tout "BOTANICAL" 
, Ttext "
          " 
, Tin "ZONE" 
, TinC "ZONE" 
, Ttext "6" 
, Tout "ZONE" 
, Ttext "
          " 
, Tin "LIGHT" 
, TinC "LIGHT" 
, Ttext "Mostly Shady" 
, Tout "LIGHT" 
, Ttext "
          " 
, Tin "PRICE" 
, TinC "PRICE" 
, Ttext "$8.86" 
, Tout "PRICE" 
, Ttext "
          " 
, Tin "AVAILABILITY" 
, TinC "AVAILABILITY" 
, Ttext "122698" 
, Tout "AVAILABILITY" 
, Ttext "
        " 
, Tout "PLANT" 
, Ttext "
        " 
, Tin "PLANT" 
, TinC "PLANT" 
, Ttext "
          " 
, Tin "COMMON" 
, TinC "COMMON" 
, Ttext "Grecian Windflower" 
, Tout "COMMON" 
, Ttext "
          " 
, Tin "BOTANICAL" 
, TinC "BOTANICAL" 
, Ttext "Anemone blanda" 
, Tout "BOTANICAL" 
, Ttext "
          " 
, Tin "ZONE" 
, TinC "ZONE" 
, Ttext "6" 
, Tout "ZONE" 
, Ttext "
          " 
, Tin "LIGHT" 
, TinC "LIGHT" 
, Ttext "Mostly Shady" 
, Tout "LIGHT" 
, Ttext "
          " 
, Tin "PRICE" 
, TinC "PRICE" 
, Ttext "$9.16" 
, Tout "PRICE" 
, Ttext "
          " 
, Tin "AVAILABILITY" 
, TinC "AVAILABILITY" 
, Ttext "071099" 
, Tout "AVAILABILITY" 
, Ttext "
        " 
, Tout "PLANT" 
, Ttext "
        " 
, Tin "PLANT" 
, TinC "PLANT" 
, Ttext "
          " 
, Tin "COMMON" 
, TinC "COMMON" 
, Ttext "Bee Balm" 
, Tout "COMMON" 
, Ttext "
          " 
, Tin "BOTANICAL" 
, TinC "BOTANICAL" 
, Ttext "Monarda didyma" 
, Tout "BOTANICAL" 
, Ttext "
          " 
, Tin "ZONE" 
, TinC "ZONE" 
, Ttext "4" 
, Tout "ZONE" 
, Ttext "
          " 
, Tin "LIGHT" 
, TinC "LIGHT" 
, Ttext "Shade" 
, Tout "LIGHT" 
, Ttext "
          " 
, Tin "PRICE" 
, TinC "PRICE" 
, Ttext "$4.59" 
, Tout "PRICE" 
, Ttext "
          " 
, Tin "AVAILABILITY" 
, TinC "AVAILABILITY" 
, Ttext "050399" 
, Tout "AVAILABILITY" 
, Ttext "
        " 
, Tout "PLANT" 
, Ttext "
        " 
, Tin "PLANT" 
, TinC "PLANT" 
, Ttext "
          " 
, Tin "COMMON" 
, TinC "COMMON" 
, Ttext "Bergamot" 
, Tout "COMMON" 
, Ttext "
          " 
, Tin "BOTANICAL" 
, TinC "BOTANICAL" 
, Ttext "Monarda didyma" 
, Tout "BOTANICAL" 
, Ttext "
          " 
, Tin "ZONE" 
, TinC "ZONE" 
, Ttext "4" 
, Tout "ZONE" 
, Ttext "
          " 
, Tin "LIGHT" 
, TinC "LIGHT" 
, Ttext "Shade" 
, Tout "LIGHT" 
, Ttext "
          " 
, Tin "PRICE" 
, TinC "PRICE" 
, Ttext "$7.16" 
, Tout "PRICE" 
, Ttext "
          " 
, Tin "AVAILABILITY" 
, TinC "AVAILABILITY" 
, Ttext "042799" 
, Tout "AVAILABILITY" 
, Ttext "
        " 
, Tout "PLANT" 
, Ttext "
        " 
, Tin "PLANT" 
, TinC "PLANT" 
, Ttext "
          " 
, Tin "COMMON" 
, TinC "COMMON" 
, Ttext "Black-Eyed Susan" 
, Tout "COMMON" 
, Ttext "
          " 
, Tin "BOTANICAL" 
, TinC "BOTANICAL" 
, Ttext "Rudbeckia hirta" 
, Tout "BOTANICAL" 
, Ttext "
          " 
, Tin "ZONE" 
, TinC "ZONE" 
, Ttext "Annual" 
, Tout "ZONE" 
, Ttext "
          " 
, Tin "LIGHT" 
, TinC "LIGHT" 
, Ttext "Sunny" 
, Tout "LIGHT" 
, Ttext "
          " 
, Tin "PRICE" 
, TinC "PRICE" 
, Ttext "$9.80" 
, Tout "PRICE" 
, Ttext "
          " 
, Tin "AVAILABILITY" 
, TinC "AVAILABILITY" 
, Ttext "061899" 
, Tout "AVAILABILITY" 
, Ttext "
        " 
, Tout "PLANT" 
, Ttext "
        " 
, Tin "PLANT" 
, TinC "PLANT" 
, Ttext "
          " 
, Tin "COMMON" 
, TinC "COMMON" 
, Ttext "Buttercup" 
, Tout "COMMON" 
, Ttext "
          " 
, Tin "BOTANICAL" 
, TinC "BOTANICAL" 
, Ttext "Ranunculus" 
, Tout "BOTANICAL" 
, Ttext "
          " 
, Tin "ZONE" 
, TinC "ZONE" 
, Ttext "4" 
, Tout "ZONE" 
, Ttext "
          " 
, Tin "LIGHT" 
, TinC "LIGHT" 
, Ttext "Shade" 
, Tout "LIGHT" 
, Ttext "
          " 
, Tin "PRICE" 
, TinC "PRICE" 
, Ttext "$2.57" 
, Tout "PRICE" 
, Ttext "
          " 
, Tin "AVAILABILITY" 
, TinC "AVAILABILITY" 
, Ttext "061099" 
, Tout "AVAILABILITY" 
, Ttext "
        " 
, Tout "PLANT" 
, Ttext "
        " 
, Tin "PLANT" 
, TinC "PLANT" 
, Ttext "
          " 
, Tin "COMMON" 
, TinC "COMMON" 
, Ttext "Crowfoot" 
, Tout "COMMON" 
, Ttext "
          " 
, Tin "BOTANICAL" 
, TinC "BOTANICAL" 
, Ttext "Ranunculus" 
, Tout "BOTANICAL" 
, Ttext "
          " 
, Tin "ZONE" 
, TinC "ZONE" 
, Ttext "4" 
, Tout "ZONE" 
, Ttext "
          " 
, Tin "LIGHT" 
, TinC "LIGHT" 
, Ttext "Shade" 
, Tout "LIGHT" 
, Ttext "
          " 
, Tin "PRICE" 
, TinC "PRICE" 
, Ttext "$9.34" 
, Tout "PRICE" 
, Ttext "
          " 
, Tin "AVAILABILITY" 
, TinC "AVAILABILITY" 
, Ttext "040399" 
, Tout "AVAILABILITY" 
, Ttext "
        " 
, Tout "PLANT" 
, Ttext "
        " 
, Tin "PLANT" 
, TinC "PLANT" 
, Ttext "
          " 
, Tin "COMMON" 
, TinC "COMMON" 
, Ttext "Butterfly Weed" 
, Tout "COMMON" 
, Ttext "
          " 
, Tin "BOTANICAL" 
, TinC "BOTANICAL" 
, Ttext "Asclepias tuberosa" 
, Tout "BOTANICAL" 
, Ttext "
          " 
, Tin "ZONE" 
, TinC "ZONE" 
, Ttext "Annual" 
, Tout "ZONE" 
, Ttext "
          " 
, Tin "LIGHT" 
, TinC "LIGHT" 
, Ttext "Sunny" 
, Tout "LIGHT" 
, Ttext "
          " 
, Tin "PRICE" 
, TinC "PRICE" 
, Ttext "$2.78" 
, Tout "PRICE" 
, Ttext "
          " 
, Tin "AVAILABILITY" 
, TinC "AVAILABILITY" 
, Ttext "063099" 
, Tout "AVAILABILITY" 
, Ttext "
        " 
, Tout "PLANT" 
, Ttext "
        " 
, Tin "PLANT" 
, TinC "PLANT" 
, Ttext "
          " 
, Tin "COMMON" 
, TinC "COMMON" 
, Ttext "Cinquefoil" 
, Tout "COMMON" 
, Ttext "
          " 
, Tin "BOTANICAL" 
, TinC "BOTANICAL" 
, Ttext "Potentilla" 
, Tout "BOTANICAL" 
, Ttext "
          " 
, Tin "ZONE" 
, TinC "ZONE" 
, Ttext "Annual" 
, Tout "ZONE" 
, Ttext "
          " 
, Tin "LIGHT" 
, TinC "LIGHT" 
, Ttext "Shade" 
, Tout "LIGHT" 
, Ttext "
          " 
, Tin "PRICE" 
, TinC "PRICE" 
, Ttext "$7.06" 
, Tout "PRICE" 
, Ttext "
          " 
, Tin "AVAILABILITY" 
, TinC "AVAILABILITY" 
, Ttext "052599" 
, Tout "AVAILABILITY" 
, Ttext "
        " 
, Tout "PLANT" 
, Ttext "
        " 
, Tin "PLANT" 
, TinC "PLANT" 
, Ttext "
          " 
, Tin "COMMON" 
, TinC "COMMON" 
, Ttext "Primrose" 
, Tout "COMMON" 
, Ttext "
          " 
, Tin "BOTANICAL" 
, TinC "BOTANICAL" 
, Ttext "Oenothera" 
, Tout "BOTANICAL" 
, Ttext "
          " 
, Tin "ZONE" 
, TinC "ZONE" 
, Ttext "3 - 5" 
, Tout "ZONE" 
, Ttext "
          " 
, Tin "LIGHT" 
, TinC "LIGHT" 
, Ttext "Sunny" 
, Tout "LIGHT" 
, Ttext "
          " 
, Tin "PRICE" 
, TinC "PRICE" 
, Ttext "$6.56" 
, Tout "PRICE" 
, Ttext "
          " 
, Tin "AVAILABILITY" 
, TinC "AVAILABILITY" 
, Ttext "013099" 
, Tout "AVAILABILITY" 
, Ttext "
        " 
, Tout "PLANT" 
, Ttext "
        " 
, Tin "PLANT" 
, TinC "PLANT" 
, Ttext "
          " 
, Tin "COMMON" 
, TinC "COMMON" 
, Ttext "Gentian" 
, Tout "COMMON" 
, Ttext "
          " 
, Tin "BOTANICAL" 
, TinC "BOTANICAL" 
, Ttext "Gentiana" 
, Tout "BOTANICAL" 
, Ttext "
          " 
, Tin "ZONE" 
, TinC "ZONE" 
, Ttext "4" 
, Tout "ZONE" 
, Ttext "
          " 
, Tin "LIGHT" 
, TinC "LIGHT" 
, Ttext "Sun or Shade" 
, Tout "LIGHT" 
, Ttext "
          " 
, Tin "PRICE" 
, TinC "PRICE" 
, Ttext "$7.81" 
, Tout "PRICE" 
, Ttext "
          " 
, Tin "AVAILABILITY" 
, TinC "AVAILABILITY" 
, Ttext "051899" 
, Tout "AVAILABILITY" 
, Ttext "
        " 
, Tout "PLANT" 
, Ttext "
        " 
, Tin "PLANT" 
, TinC "PLANT" 
, Ttext "
          " 
, Tin "COMMON" 
, TinC "COMMON" 
, Ttext "Blue Gentian" 
, Tout "COMMON" 
, Ttext "
          " 
, Tin "BOTANICAL" 
, TinC "BOTANICAL" 
, Ttext "Gentiana" 
, Tout "BOTANICAL" 
, Ttext "
          " 
, Tin "ZONE" 
, TinC "ZONE" 
, Ttext "4" 
, Tout "ZONE" 
, Ttext "
          " 
, Tin "LIGHT" 
, TinC "LIGHT" 
, Ttext "Sun or Shade" 
, Tout "LIGHT" 
, Ttext "
          " 
, Tin "PRICE" 
, TinC "PRICE" 
, Ttext "$8.56" 
, Tout "PRICE" 
, Ttext "
          " 
, Tin "AVAILABILITY" 
, TinC "AVAILABILITY" 
, Ttext "050299" 
, Tout "AVAILABILITY" 
, Ttext "
        " 
, Tout "PLANT" 
, Ttext "
        " 
, Tin "PLANT" 
, TinC "PLANT" 
, Ttext "
          " 
, Tin "COMMON" 
, TinC "COMMON" 
, Ttext "Jacob's Ladder" 
, Tout "COMMON" 
, Ttext "
          " 
, Tin "BOTANICAL" 
, TinC "BOTANICAL" 
, Ttext "Polemonium caeruleum" 
, Tout "BOTANICAL" 
, Ttext "
          " 
, Tin "ZONE" 
, TinC "ZONE" 
, Ttext "Annual" 
, Tout "ZONE" 
, Ttext "
          " 
, Tin "LIGHT" 
, TinC "LIGHT" 
, Ttext "Shade" 
, Tout "LIGHT" 
, Ttext "
          " 
, Tin "PRICE" 
, TinC "PRICE" 
, Ttext "$9.26" 
, Tout "PRICE" 
, Ttext "
          " 
, Tin "AVAILABILITY" 
, TinC "AVAILABILITY" 
, Ttext "022199" 
, Tout "AVAILABILITY" 
, Ttext "
        " 
, Tout "PLANT" 
, Ttext "
        " 
, Tin "PLANT" 
, TinC "PLANT" 
, Ttext "
          " 
, Tin "COMMON" 
, TinC "COMMON" 
, Ttext "Greek Valerian" 
, Tout "COMMON" 
, Ttext "
          " 
, Tin "BOTANICAL" 
, TinC "BOTANICAL" 
, Ttext "Polemonium caeruleum" 
, Tout "BOTANICAL" 
, Ttext "
          " 
, Tin "ZONE" 
, TinC "ZONE" 
, Ttext "Annual" 
, Tout "ZONE" 
, Ttext "
          " 
, Tin "LIGHT" 
, TinC "LIGHT" 
, Ttext "Shade" 
, Tout "LIGHT" 
, Ttext "
          " 
, Tin "PRICE" 
, TinC "PRICE" 
, Ttext "$4.36" 
, Tout "PRICE" 
, Ttext "
          " 
, Tin "AVAILABILITY" 
, TinC "AVAILABILITY" 
, Ttext "071499" 
, Tout "AVAILABILITY" 
, Ttext "
        " 
, Tout "PLANT" 
, Ttext "
        " 
, Tin "PLANT" 
, TinC "PLANT" 
, Ttext "
          " 
, Tin "COMMON" 
, TinC "COMMON" 
, Ttext "California Poppy" 
, Tout "COMMON" 
, Ttext "
          " 
, Tin "BOTANICAL" 
, TinC "BOTANICAL" 
, Ttext "Eschscholzia californica" 
, Tout "BOTANICAL" 
, Ttext "
          " 
, Tin "ZONE" 
, TinC "ZONE" 
, Ttext "Annual" 
, Tout "ZONE" 
, Ttext "
          " 
, Tin "LIGHT" 
, TinC "LIGHT" 
, Ttext "Sun" 
, Tout "LIGHT" 
, Ttext "
          " 
, Tin "PRICE" 
, TinC "PRICE" 
, Ttext "$7.89" 
, Tout "PRICE" 
, Ttext "
          " 
, Tin "AVAILABILITY" 
, TinC "AVAILABILITY" 
, Ttext "032799" 
, Tout "AVAILABILITY" 
, Ttext "
        " 
, Tout "PLANT" 
, Ttext "
        " 
, Tin "PLANT" 
, TinC "PLANT" 
, Ttext "
          " 
, Tin "COMMON" 
, TinC "COMMON" 
, Ttext "Shooting Star" 
, Tout "COMMON" 
, Ttext "
          " 
, Tin "BOTANICAL" 
, TinC "BOTANICAL" 
, Ttext "Dodecatheon" 
, Tout "BOTANICAL" 
, Ttext "
          " 
, Tin "ZONE" 
, TinC "ZONE" 
, Ttext "Annual" 
, Tout "ZONE" 
, Ttext "
          " 
, Tin "LIGHT" 
, TinC "LIGHT" 
, Ttext "Mostly Shady" 
, Tout "LIGHT" 
, Ttext "
          " 
, Tin "PRICE" 
, TinC "PRICE" 
, Ttext "$8.60" 
, Tout "PRICE" 
, Ttext "
          " 
, Tin "AVAILABILITY" 
, TinC "AVAILABILITY" 
, Ttext "051399" 
, Tout "AVAILABILITY" 
, Ttext "
        " 
, Tout "PLANT" 
, Ttext "
        " 
, Tin "PLANT" 
, TinC "PLANT" 
, Ttext "
          " 
, Tin "COMMON" 
, TinC "COMMON" 
, Ttext "Snakeroot" 
, Tout "COMMON" 
, Ttext "
          " 
, Tin "BOTANICAL" 
, TinC "BOTANICAL" 
, Ttext "Cimicifuga" 
, Tout "BOTANICAL" 
, Ttext "
          " 
, Tin "ZONE" 
, TinC "ZONE" 
, Ttext "Annual" 
, Tout "ZONE" 
, Ttext "
          " 
, Tin "LIGHT" 
, TinC "LIGHT" 
, Ttext "Shade" 
, Tout "LIGHT" 
, Ttext "
          " 
, Tin "PRICE" 
, TinC "PRICE" 
, Ttext "$5.63" 
, Tout "PRICE" 
, Ttext "
          " 
, Tin "AVAILABILITY" 
, TinC "AVAILABILITY" 
, Ttext "071199" 
, Tout "AVAILABILITY" 
, Ttext "
        " 
, Tout "PLANT" 
, Ttext "
        " 
, Tin "PLANT" 
, TinC "PLANT" 
, Ttext "
          " 
, Tin "COMMON" 
, TinC "COMMON" 
, Ttext "Cardinal Flower" 
, Tout "COMMON" 
, Ttext "
          " 
, Tin "BOTANICAL" 
, TinC "BOTANICAL" 
, Ttext "Lobelia cardinalis" 
, Tout "BOTANICAL" 
, Ttext "
          " 
, Tin "ZONE" 
, TinC "ZONE" 
, Ttext "2" 
, Tout "ZONE" 
, Ttext "
          " 
, Tin "LIGHT" 
, TinC "LIGHT" 
, Ttext "Shade" 
, Tout "LIGHT" 
, Ttext "
          " 
, Tin "PRICE" 
, TinC "PRICE" 
, Ttext "$3.02" 
, Tout "PRICE" 
, Ttext "
          " 
, Tin "AVAILABILITY" 
, TinC "AVAILABILITY" 
, Ttext "022299" 
, Tout "AVAILABILITY" 
, Ttext "
        " 
, Tout "PLANT" 
, Ttext "" 
, Tout "CATALOG" 
] 